grank2node: 0 1 2 0 1 2 0 1 2 0 1 2
node 0
  local2global: 0 3 6 9
  node2rep: 0 1 2
  proc 0.0 (global rank 0, raddr-0-0)
    lmap:
      0.0 0 => laddr-0-0
      0.1 3 => laddr-0-1
      0.2 6 => laddr-0-2
      0.3 9 => laddr-0-3
    rmap:
    end
  proc 0.1 (global rank 3, raddr-0-1)
    lmap:
      0.0 0 => laddr-0-0
      0.1 3 => laddr-0-1
      0.2 6 => laddr-0-2
      0.3 9 => laddr-0-3
    rmap:
      1 => raddr-1-0
    end
  proc 0.2 (global rank 6, raddr-0-2)
    lmap:
      0.0 0 => laddr-0-0
      0.1 3 => laddr-0-1
      0.2 6 => laddr-0-2
      0.3 9 => laddr-0-3
    rmap:
      2 => raddr-2-0
    end
  proc 0.3 (global rank 9, raddr-0-3)
    lmap:
      0.0 0 => laddr-0-0
      0.1 3 => laddr-0-1
      0.2 6 => laddr-0-2
      0.3 9 => laddr-0-3
    rmap:
    end
node 1
  local2global: 1 4 7 10
  node2rep: 3 4 5
  proc 1.0 (global rank 1, raddr-1-0)
    lmap:
      1.0 1 => laddr-1-0
      1.1 4 => laddr-1-1
      1.2 7 => laddr-1-2
      1.3 10 => laddr-1-3
    rmap:
      0 => raddr-0-1
    end
  proc 1.1 (global rank 4, raddr-1-1)
    lmap:
      1.0 1 => laddr-1-0
      1.1 4 => laddr-1-1
      1.2 7 => laddr-1-2
      1.3 10 => laddr-1-3
    rmap:
    end
  proc 1.2 (global rank 7, raddr-1-2)
    lmap:
      1.0 1 => laddr-1-0
      1.1 4 => laddr-1-1
      1.2 7 => laddr-1-2
      1.3 10 => laddr-1-3
    rmap:
      2 => raddr-2-1
    end
  proc 1.3 (global rank 10, raddr-1-3)
    lmap:
      1.0 1 => laddr-1-0
      1.1 4 => laddr-1-1
      1.2 7 => laddr-1-2
      1.3 10 => laddr-1-3
    rmap:
    end
node 2
  local2global: 2 5 8 11
  node2rep: 6 7 8
  proc 2.0 (global rank 2, raddr-2-0)
    lmap:
      2.0 2 => laddr-2-0
      2.1 5 => laddr-2-1
      2.2 8 => laddr-2-2
      2.3 11 => laddr-2-3
    rmap:
      0 => raddr-0-2
    end
  proc 2.1 (global rank 5, raddr-2-1)
    lmap:
      2.0 2 => laddr-2-0
      2.1 5 => laddr-2-1
      2.2 8 => laddr-2-2
      2.3 11 => laddr-2-3
    rmap:
      1 => raddr-1-2
    end
  proc 2.2 (global rank 8, raddr-2-2)
    lmap:
      2.0 2 => laddr-2-0
      2.1 5 => laddr-2-1
      2.2 8 => laddr-2-2
      2.3 11 => laddr-2-3
    rmap:
    end
  proc 2.3 (global rank 11, raddr-2-3)
    lmap:
      2.0 2 => laddr-2-0
      2.1 5 => laddr-2-1
      2.2 8 => laddr-2-2
      2.3 11 => laddr-2-3
    rmap:
    end
