grank2node: 0 1 2 3
node 0
  local2global: 0
  node2rep: 0 1 2 3
  proc 0.0 (global rank 0, raddr-0-0)
    lmap:
      0.0 0 => laddr-0-0
    rmap:
      1 => raddr-1-0
      2 => raddr-2-0
      3 => raddr-3-0
    end
node 1
  local2global: 1
  node2rep: 0 1 2 3
  proc 1.0 (global rank 1, raddr-1-0)
    lmap:
      1.0 1 => laddr-1-0
    rmap:
      0 => raddr-0-0
      2 => raddr-2-0
      3 => raddr-3-0
    end
node 2
  local2global: 2
  node2rep: 0 1 2 3
  proc 2.0 (global rank 2, raddr-2-0)
    lmap:
      2.0 2 => laddr-2-0
    rmap:
      0 => raddr-0-0
      1 => raddr-1-0
      3 => raddr-3-0
    end
node 3
  local2global: 3
  node2rep: 0 1 2 3
  proc 3.0 (global rank 3, raddr-3-0)
    lmap:
      3.0 3 => laddr-3-0
    rmap:
      0 => raddr-0-0
      1 => raddr-1-0
      2 => raddr-2-0
    end
