grank2node: 0
node 0
  local2global: 0
  node2rep: 
  proc 0.0 (global rank 0, raddr-0-0)
    lmap:
      0.0 0 => laddr-0-0
    rmap:
    end
