grank2node: 0 1 2 3 4 5 6 7 0 1 2 3 4 5 6 7 0 1 2 3 4 5 6 7 0 1 2 3 4 5 6 7 0 1 2 3 4 5 6 7 0 1 2 3 4 5 6 7 0 1 2 3 4 5 6 7 0 1 2 3 4 5 6 7
node 0
  local2global: 0 8 16 24 32 40 48 56
  node2rep: 0 1 2 3 4 5 6 7
  proc 0.0 (global rank 0, raddr-0-0)
    lmap:
      0.0 0 => laddr-0-0
      0.1 8 => laddr-0-1
      0.2 16 => laddr-0-2
      0.3 24 => laddr-0-3
      0.4 32 => laddr-0-4
      0.5 40 => laddr-0-5
      0.6 48 => laddr-0-6
      0.7 56 => laddr-0-7
    rmap:
    end
  proc 0.1 (global rank 8, raddr-0-1)
    lmap:
      0.0 0 => laddr-0-0
      0.1 8 => laddr-0-1
      0.2 16 => laddr-0-2
      0.3 24 => laddr-0-3
      0.4 32 => laddr-0-4
      0.5 40 => laddr-0-5
      0.6 48 => laddr-0-6
      0.7 56 => laddr-0-7
    rmap:
      1 => raddr-1-0
    end
  proc 0.2 (global rank 16, raddr-0-2)
    lmap:
      0.0 0 => laddr-0-0
      0.1 8 => laddr-0-1
      0.2 16 => laddr-0-2
      0.3 24 => laddr-0-3
      0.4 32 => laddr-0-4
      0.5 40 => laddr-0-5
      0.6 48 => laddr-0-6
      0.7 56 => laddr-0-7
    rmap:
      2 => raddr-2-0
    end
  proc 0.3 (global rank 24, raddr-0-3)
    lmap:
      0.0 0 => laddr-0-0
      0.1 8 => laddr-0-1
      0.2 16 => laddr-0-2
      0.3 24 => laddr-0-3
      0.4 32 => laddr-0-4
      0.5 40 => laddr-0-5
      0.6 48 => laddr-0-6
      0.7 56 => laddr-0-7
    rmap:
      3 => raddr-3-0
    end
  proc 0.4 (global rank 32, raddr-0-4)
    lmap:
      0.0 0 => laddr-0-0
      0.1 8 => laddr-0-1
      0.2 16 => laddr-0-2
      0.3 24 => laddr-0-3
      0.4 32 => laddr-0-4
      0.5 40 => laddr-0-5
      0.6 48 => laddr-0-6
      0.7 56 => laddr-0-7
    rmap:
      4 => raddr-4-0
    end
  proc 0.5 (global rank 40, raddr-0-5)
    lmap:
      0.0 0 => laddr-0-0
      0.1 8 => laddr-0-1
      0.2 16 => laddr-0-2
      0.3 24 => laddr-0-3
      0.4 32 => laddr-0-4
      0.5 40 => laddr-0-5
      0.6 48 => laddr-0-6
      0.7 56 => laddr-0-7
    rmap:
      5 => raddr-5-0
    end
  proc 0.6 (global rank 48, raddr-0-6)
    lmap:
      0.0 0 => laddr-0-0
      0.1 8 => laddr-0-1
      0.2 16 => laddr-0-2
      0.3 24 => laddr-0-3
      0.4 32 => laddr-0-4
      0.5 40 => laddr-0-5
      0.6 48 => laddr-0-6
      0.7 56 => laddr-0-7
    rmap:
      6 => raddr-6-0
    end
  proc 0.7 (global rank 56, raddr-0-7)
    lmap:
      0.0 0 => laddr-0-0
      0.1 8 => laddr-0-1
      0.2 16 => laddr-0-2
      0.3 24 => laddr-0-3
      0.4 32 => laddr-0-4
      0.5 40 => laddr-0-5
      0.6 48 => laddr-0-6
      0.7 56 => laddr-0-7
    rmap:
      7 => raddr-7-0
    end
node 1
  local2global: 1 9 17 25 33 41 49 57
  node2rep: 8 9 10 11 12 13 14 15
  proc 1.0 (global rank 1, raddr-1-0)
    lmap:
      1.0 1 => laddr-1-0
      1.1 9 => laddr-1-1
      1.2 17 => laddr-1-2
      1.3 25 => laddr-1-3
      1.4 33 => laddr-1-4
      1.5 41 => laddr-1-5
      1.6 49 => laddr-1-6
      1.7 57 => laddr-1-7
    rmap:
      0 => raddr-0-1
    end
  proc 1.1 (global rank 9, raddr-1-1)
    lmap:
      1.0 1 => laddr-1-0
      1.1 9 => laddr-1-1
      1.2 17 => laddr-1-2
      1.3 25 => laddr-1-3
      1.4 33 => laddr-1-4
      1.5 41 => laddr-1-5
      1.6 49 => laddr-1-6
      1.7 57 => laddr-1-7
    rmap:
    end
  proc 1.2 (global rank 17, raddr-1-2)
    lmap:
      1.0 1 => laddr-1-0
      1.1 9 => laddr-1-1
      1.2 17 => laddr-1-2
      1.3 25 => laddr-1-3
      1.4 33 => laddr-1-4
      1.5 41 => laddr-1-5
      1.6 49 => laddr-1-6
      1.7 57 => laddr-1-7
    rmap:
      2 => raddr-2-1
    end
  proc 1.3 (global rank 25, raddr-1-3)
    lmap:
      1.0 1 => laddr-1-0
      1.1 9 => laddr-1-1
      1.2 17 => laddr-1-2
      1.3 25 => laddr-1-3
      1.4 33 => laddr-1-4
      1.5 41 => laddr-1-5
      1.6 49 => laddr-1-6
      1.7 57 => laddr-1-7
    rmap:
      3 => raddr-3-1
    end
  proc 1.4 (global rank 33, raddr-1-4)
    lmap:
      1.0 1 => laddr-1-0
      1.1 9 => laddr-1-1
      1.2 17 => laddr-1-2
      1.3 25 => laddr-1-3
      1.4 33 => laddr-1-4
      1.5 41 => laddr-1-5
      1.6 49 => laddr-1-6
      1.7 57 => laddr-1-7
    rmap:
      4 => raddr-4-1
    end
  proc 1.5 (global rank 41, raddr-1-5)
    lmap:
      1.0 1 => laddr-1-0
      1.1 9 => laddr-1-1
      1.2 17 => laddr-1-2
      1.3 25 => laddr-1-3
      1.4 33 => laddr-1-4
      1.5 41 => laddr-1-5
      1.6 49 => laddr-1-6
      1.7 57 => laddr-1-7
    rmap:
      5 => raddr-5-1
    end
  proc 1.6 (global rank 49, raddr-1-6)
    lmap:
      1.0 1 => laddr-1-0
      1.1 9 => laddr-1-1
      1.2 17 => laddr-1-2
      1.3 25 => laddr-1-3
      1.4 33 => laddr-1-4
      1.5 41 => laddr-1-5
      1.6 49 => laddr-1-6
      1.7 57 => laddr-1-7
    rmap:
      6 => raddr-6-1
    end
  proc 1.7 (global rank 57, raddr-1-7)
    lmap:
      1.0 1 => laddr-1-0
      1.1 9 => laddr-1-1
      1.2 17 => laddr-1-2
      1.3 25 => laddr-1-3
      1.4 33 => laddr-1-4
      1.5 41 => laddr-1-5
      1.6 49 => laddr-1-6
      1.7 57 => laddr-1-7
    rmap:
      7 => raddr-7-1
    end
node 2
  local2global: 2 10 18 26 34 42 50 58
  node2rep: 16 17 18 19 20 21 22 23
  proc 2.0 (global rank 2, raddr-2-0)
    lmap:
      2.0 2 => laddr-2-0
      2.1 10 => laddr-2-1
      2.2 18 => laddr-2-2
      2.3 26 => laddr-2-3
      2.4 34 => laddr-2-4
      2.5 42 => laddr-2-5
      2.6 50 => laddr-2-6
      2.7 58 => laddr-2-7
    rmap:
      0 => raddr-0-2
    end
  proc 2.1 (global rank 10, raddr-2-1)
    lmap:
      2.0 2 => laddr-2-0
      2.1 10 => laddr-2-1
      2.2 18 => laddr-2-2
      2.3 26 => laddr-2-3
      2.4 34 => laddr-2-4
      2.5 42 => laddr-2-5
      2.6 50 => laddr-2-6
      2.7 58 => laddr-2-7
    rmap:
      1 => raddr-1-2
    end
  proc 2.2 (global rank 18, raddr-2-2)
    lmap:
      2.0 2 => laddr-2-0
      2.1 10 => laddr-2-1
      2.2 18 => laddr-2-2
      2.3 26 => laddr-2-3
      2.4 34 => laddr-2-4
      2.5 42 => laddr-2-5
      2.6 50 => laddr-2-6
      2.7 58 => laddr-2-7
    rmap:
    end
  proc 2.3 (global rank 26, raddr-2-3)
    lmap:
      2.0 2 => laddr-2-0
      2.1 10 => laddr-2-1
      2.2 18 => laddr-2-2
      2.3 26 => laddr-2-3
      2.4 34 => laddr-2-4
      2.5 42 => laddr-2-5
      2.6 50 => laddr-2-6
      2.7 58 => laddr-2-7
    rmap:
      3 => raddr-3-2
    end
  proc 2.4 (global rank 34, raddr-2-4)
    lmap:
      2.0 2 => laddr-2-0
      2.1 10 => laddr-2-1
      2.2 18 => laddr-2-2
      2.3 26 => laddr-2-3
      2.4 34 => laddr-2-4
      2.5 42 => laddr-2-5
      2.6 50 => laddr-2-6
      2.7 58 => laddr-2-7
    rmap:
      4 => raddr-4-2
    end
  proc 2.5 (global rank 42, raddr-2-5)
    lmap:
      2.0 2 => laddr-2-0
      2.1 10 => laddr-2-1
      2.2 18 => laddr-2-2
      2.3 26 => laddr-2-3
      2.4 34 => laddr-2-4
      2.5 42 => laddr-2-5
      2.6 50 => laddr-2-6
      2.7 58 => laddr-2-7
    rmap:
      5 => raddr-5-2
    end
  proc 2.6 (global rank 50, raddr-2-6)
    lmap:
      2.0 2 => laddr-2-0
      2.1 10 => laddr-2-1
      2.2 18 => laddr-2-2
      2.3 26 => laddr-2-3
      2.4 34 => laddr-2-4
      2.5 42 => laddr-2-5
      2.6 50 => laddr-2-6
      2.7 58 => laddr-2-7
    rmap:
      6 => raddr-6-2
    end
  proc 2.7 (global rank 58, raddr-2-7)
    lmap:
      2.0 2 => laddr-2-0
      2.1 10 => laddr-2-1
      2.2 18 => laddr-2-2
      2.3 26 => laddr-2-3
      2.4 34 => laddr-2-4
      2.5 42 => laddr-2-5
      2.6 50 => laddr-2-6
      2.7 58 => laddr-2-7
    rmap:
      7 => raddr-7-2
    end
node 3
  local2global: 3 11 19 27 35 43 51 59
  node2rep: 24 25 26 27 28 29 30 31
  proc 3.0 (global rank 3, raddr-3-0)
    lmap:
      3.0 3 => laddr-3-0
      3.1 11 => laddr-3-1
      3.2 19 => laddr-3-2
      3.3 27 => laddr-3-3
      3.4 35 => laddr-3-4
      3.5 43 => laddr-3-5
      3.6 51 => laddr-3-6
      3.7 59 => laddr-3-7
    rmap:
      0 => raddr-0-3
    end
  proc 3.1 (global rank 11, raddr-3-1)
    lmap:
      3.0 3 => laddr-3-0
      3.1 11 => laddr-3-1
      3.2 19 => laddr-3-2
      3.3 27 => laddr-3-3
      3.4 35 => laddr-3-4
      3.5 43 => laddr-3-5
      3.6 51 => laddr-3-6
      3.7 59 => laddr-3-7
    rmap:
      1 => raddr-1-3
    end
  proc 3.2 (global rank 19, raddr-3-2)
    lmap:
      3.0 3 => laddr-3-0
      3.1 11 => laddr-3-1
      3.2 19 => laddr-3-2
      3.3 27 => laddr-3-3
      3.4 35 => laddr-3-4
      3.5 43 => laddr-3-5
      3.6 51 => laddr-3-6
      3.7 59 => laddr-3-7
    rmap:
      2 => raddr-2-3
    end
  proc 3.3 (global rank 27, raddr-3-3)
    lmap:
      3.0 3 => laddr-3-0
      3.1 11 => laddr-3-1
      3.2 19 => laddr-3-2
      3.3 27 => laddr-3-3
      3.4 35 => laddr-3-4
      3.5 43 => laddr-3-5
      3.6 51 => laddr-3-6
      3.7 59 => laddr-3-7
    rmap:
    end
  proc 3.4 (global rank 35, raddr-3-4)
    lmap:
      3.0 3 => laddr-3-0
      3.1 11 => laddr-3-1
      3.2 19 => laddr-3-2
      3.3 27 => laddr-3-3
      3.4 35 => laddr-3-4
      3.5 43 => laddr-3-5
      3.6 51 => laddr-3-6
      3.7 59 => laddr-3-7
    rmap:
      4 => raddr-4-3
    end
  proc 3.5 (global rank 43, raddr-3-5)
    lmap:
      3.0 3 => laddr-3-0
      3.1 11 => laddr-3-1
      3.2 19 => laddr-3-2
      3.3 27 => laddr-3-3
      3.4 35 => laddr-3-4
      3.5 43 => laddr-3-5
      3.6 51 => laddr-3-6
      3.7 59 => laddr-3-7
    rmap:
      5 => raddr-5-3
    end
  proc 3.6 (global rank 51, raddr-3-6)
    lmap:
      3.0 3 => laddr-3-0
      3.1 11 => laddr-3-1
      3.2 19 => laddr-3-2
      3.3 27 => laddr-3-3
      3.4 35 => laddr-3-4
      3.5 43 => laddr-3-5
      3.6 51 => laddr-3-6
      3.7 59 => laddr-3-7
    rmap:
      6 => raddr-6-3
    end
  proc 3.7 (global rank 59, raddr-3-7)
    lmap:
      3.0 3 => laddr-3-0
      3.1 11 => laddr-3-1
      3.2 19 => laddr-3-2
      3.3 27 => laddr-3-3
      3.4 35 => laddr-3-4
      3.5 43 => laddr-3-5
      3.6 51 => laddr-3-6
      3.7 59 => laddr-3-7
    rmap:
      7 => raddr-7-3
    end
node 4
  local2global: 4 12 20 28 36 44 52 60
  node2rep: 32 33 34 35 36 37 38 39
  proc 4.0 (global rank 4, raddr-4-0)
    lmap:
      4.0 4 => laddr-4-0
      4.1 12 => laddr-4-1
      4.2 20 => laddr-4-2
      4.3 28 => laddr-4-3
      4.4 36 => laddr-4-4
      4.5 44 => laddr-4-5
      4.6 52 => laddr-4-6
      4.7 60 => laddr-4-7
    rmap:
      0 => raddr-0-4
    end
  proc 4.1 (global rank 12, raddr-4-1)
    lmap:
      4.0 4 => laddr-4-0
      4.1 12 => laddr-4-1
      4.2 20 => laddr-4-2
      4.3 28 => laddr-4-3
      4.4 36 => laddr-4-4
      4.5 44 => laddr-4-5
      4.6 52 => laddr-4-6
      4.7 60 => laddr-4-7
    rmap:
      1 => raddr-1-4
    end
  proc 4.2 (global rank 20, raddr-4-2)
    lmap:
      4.0 4 => laddr-4-0
      4.1 12 => laddr-4-1
      4.2 20 => laddr-4-2
      4.3 28 => laddr-4-3
      4.4 36 => laddr-4-4
      4.5 44 => laddr-4-5
      4.6 52 => laddr-4-6
      4.7 60 => laddr-4-7
    rmap:
      2 => raddr-2-4
    end
  proc 4.3 (global rank 28, raddr-4-3)
    lmap:
      4.0 4 => laddr-4-0
      4.1 12 => laddr-4-1
      4.2 20 => laddr-4-2
      4.3 28 => laddr-4-3
      4.4 36 => laddr-4-4
      4.5 44 => laddr-4-5
      4.6 52 => laddr-4-6
      4.7 60 => laddr-4-7
    rmap:
      3 => raddr-3-4
    end
  proc 4.4 (global rank 36, raddr-4-4)
    lmap:
      4.0 4 => laddr-4-0
      4.1 12 => laddr-4-1
      4.2 20 => laddr-4-2
      4.3 28 => laddr-4-3
      4.4 36 => laddr-4-4
      4.5 44 => laddr-4-5
      4.6 52 => laddr-4-6
      4.7 60 => laddr-4-7
    rmap:
    end
  proc 4.5 (global rank 44, raddr-4-5)
    lmap:
      4.0 4 => laddr-4-0
      4.1 12 => laddr-4-1
      4.2 20 => laddr-4-2
      4.3 28 => laddr-4-3
      4.4 36 => laddr-4-4
      4.5 44 => laddr-4-5
      4.6 52 => laddr-4-6
      4.7 60 => laddr-4-7
    rmap:
      5 => raddr-5-4
    end
  proc 4.6 (global rank 52, raddr-4-6)
    lmap:
      4.0 4 => laddr-4-0
      4.1 12 => laddr-4-1
      4.2 20 => laddr-4-2
      4.3 28 => laddr-4-3
      4.4 36 => laddr-4-4
      4.5 44 => laddr-4-5
      4.6 52 => laddr-4-6
      4.7 60 => laddr-4-7
    rmap:
      6 => raddr-6-4
    end
  proc 4.7 (global rank 60, raddr-4-7)
    lmap:
      4.0 4 => laddr-4-0
      4.1 12 => laddr-4-1
      4.2 20 => laddr-4-2
      4.3 28 => laddr-4-3
      4.4 36 => laddr-4-4
      4.5 44 => laddr-4-5
      4.6 52 => laddr-4-6
      4.7 60 => laddr-4-7
    rmap:
      7 => raddr-7-4
    end
node 5
  local2global: 5 13 21 29 37 45 53 61
  node2rep: 40 41 42 43 44 45 46 47
  proc 5.0 (global rank 5, raddr-5-0)
    lmap:
      5.0 5 => laddr-5-0
      5.1 13 => laddr-5-1
      5.2 21 => laddr-5-2
      5.3 29 => laddr-5-3
      5.4 37 => laddr-5-4
      5.5 45 => laddr-5-5
      5.6 53 => laddr-5-6
      5.7 61 => laddr-5-7
    rmap:
      0 => raddr-0-5
    end
  proc 5.1 (global rank 13, raddr-5-1)
    lmap:
      5.0 5 => laddr-5-0
      5.1 13 => laddr-5-1
      5.2 21 => laddr-5-2
      5.3 29 => laddr-5-3
      5.4 37 => laddr-5-4
      5.5 45 => laddr-5-5
      5.6 53 => laddr-5-6
      5.7 61 => laddr-5-7
    rmap:
      1 => raddr-1-5
    end
  proc 5.2 (global rank 21, raddr-5-2)
    lmap:
      5.0 5 => laddr-5-0
      5.1 13 => laddr-5-1
      5.2 21 => laddr-5-2
      5.3 29 => laddr-5-3
      5.4 37 => laddr-5-4
      5.5 45 => laddr-5-5
      5.6 53 => laddr-5-6
      5.7 61 => laddr-5-7
    rmap:
      2 => raddr-2-5
    end
  proc 5.3 (global rank 29, raddr-5-3)
    lmap:
      5.0 5 => laddr-5-0
      5.1 13 => laddr-5-1
      5.2 21 => laddr-5-2
      5.3 29 => laddr-5-3
      5.4 37 => laddr-5-4
      5.5 45 => laddr-5-5
      5.6 53 => laddr-5-6
      5.7 61 => laddr-5-7
    rmap:
      3 => raddr-3-5
    end
  proc 5.4 (global rank 37, raddr-5-4)
    lmap:
      5.0 5 => laddr-5-0
      5.1 13 => laddr-5-1
      5.2 21 => laddr-5-2
      5.3 29 => laddr-5-3
      5.4 37 => laddr-5-4
      5.5 45 => laddr-5-5
      5.6 53 => laddr-5-6
      5.7 61 => laddr-5-7
    rmap:
      4 => raddr-4-5
    end
  proc 5.5 (global rank 45, raddr-5-5)
    lmap:
      5.0 5 => laddr-5-0
      5.1 13 => laddr-5-1
      5.2 21 => laddr-5-2
      5.3 29 => laddr-5-3
      5.4 37 => laddr-5-4
      5.5 45 => laddr-5-5
      5.6 53 => laddr-5-6
      5.7 61 => laddr-5-7
    rmap:
    end
  proc 5.6 (global rank 53, raddr-5-6)
    lmap:
      5.0 5 => laddr-5-0
      5.1 13 => laddr-5-1
      5.2 21 => laddr-5-2
      5.3 29 => laddr-5-3
      5.4 37 => laddr-5-4
      5.5 45 => laddr-5-5
      5.6 53 => laddr-5-6
      5.7 61 => laddr-5-7
    rmap:
      6 => raddr-6-5
    end
  proc 5.7 (global rank 61, raddr-5-7)
    lmap:
      5.0 5 => laddr-5-0
      5.1 13 => laddr-5-1
      5.2 21 => laddr-5-2
      5.3 29 => laddr-5-3
      5.4 37 => laddr-5-4
      5.5 45 => laddr-5-5
      5.6 53 => laddr-5-6
      5.7 61 => laddr-5-7
    rmap:
      7 => raddr-7-5
    end
node 6
  local2global: 6 14 22 30 38 46 54 62
  node2rep: 48 49 50 51 52 53 54 55
  proc 6.0 (global rank 6, raddr-6-0)
    lmap:
      6.0 6 => laddr-6-0
      6.1 14 => laddr-6-1
      6.2 22 => laddr-6-2
      6.3 30 => laddr-6-3
      6.4 38 => laddr-6-4
      6.5 46 => laddr-6-5
      6.6 54 => laddr-6-6
      6.7 62 => laddr-6-7
    rmap:
      0 => raddr-0-6
    end
  proc 6.1 (global rank 14, raddr-6-1)
    lmap:
      6.0 6 => laddr-6-0
      6.1 14 => laddr-6-1
      6.2 22 => laddr-6-2
      6.3 30 => laddr-6-3
      6.4 38 => laddr-6-4
      6.5 46 => laddr-6-5
      6.6 54 => laddr-6-6
      6.7 62 => laddr-6-7
    rmap:
      1 => raddr-1-6
    end
  proc 6.2 (global rank 22, raddr-6-2)
    lmap:
      6.0 6 => laddr-6-0
      6.1 14 => laddr-6-1
      6.2 22 => laddr-6-2
      6.3 30 => laddr-6-3
      6.4 38 => laddr-6-4
      6.5 46 => laddr-6-5
      6.6 54 => laddr-6-6
      6.7 62 => laddr-6-7
    rmap:
      2 => raddr-2-6
    end
  proc 6.3 (global rank 30, raddr-6-3)
    lmap:
      6.0 6 => laddr-6-0
      6.1 14 => laddr-6-1
      6.2 22 => laddr-6-2
      6.3 30 => laddr-6-3
      6.4 38 => laddr-6-4
      6.5 46 => laddr-6-5
      6.6 54 => laddr-6-6
      6.7 62 => laddr-6-7
    rmap:
      3 => raddr-3-6
    end
  proc 6.4 (global rank 38, raddr-6-4)
    lmap:
      6.0 6 => laddr-6-0
      6.1 14 => laddr-6-1
      6.2 22 => laddr-6-2
      6.3 30 => laddr-6-3
      6.4 38 => laddr-6-4
      6.5 46 => laddr-6-5
      6.6 54 => laddr-6-6
      6.7 62 => laddr-6-7
    rmap:
      4 => raddr-4-6
    end
  proc 6.5 (global rank 46, raddr-6-5)
    lmap:
      6.0 6 => laddr-6-0
      6.1 14 => laddr-6-1
      6.2 22 => laddr-6-2
      6.3 30 => laddr-6-3
      6.4 38 => laddr-6-4
      6.5 46 => laddr-6-5
      6.6 54 => laddr-6-6
      6.7 62 => laddr-6-7
    rmap:
      5 => raddr-5-6
    end
  proc 6.6 (global rank 54, raddr-6-6)
    lmap:
      6.0 6 => laddr-6-0
      6.1 14 => laddr-6-1
      6.2 22 => laddr-6-2
      6.3 30 => laddr-6-3
      6.4 38 => laddr-6-4
      6.5 46 => laddr-6-5
      6.6 54 => laddr-6-6
      6.7 62 => laddr-6-7
    rmap:
    end
  proc 6.7 (global rank 62, raddr-6-7)
    lmap:
      6.0 6 => laddr-6-0
      6.1 14 => laddr-6-1
      6.2 22 => laddr-6-2
      6.3 30 => laddr-6-3
      6.4 38 => laddr-6-4
      6.5 46 => laddr-6-5
      6.6 54 => laddr-6-6
      6.7 62 => laddr-6-7
    rmap:
      7 => raddr-7-6
    end
node 7
  local2global: 7 15 23 31 39 47 55 63
  node2rep: 56 57 58 59 60 61 62 63
  proc 7.0 (global rank 7, raddr-7-0)
    lmap:
      7.0 7 => laddr-7-0
      7.1 15 => laddr-7-1
      7.2 23 => laddr-7-2
      7.3 31 => laddr-7-3
      7.4 39 => laddr-7-4
      7.5 47 => laddr-7-5
      7.6 55 => laddr-7-6
      7.7 63 => laddr-7-7
    rmap:
      0 => raddr-0-7
    end
  proc 7.1 (global rank 15, raddr-7-1)
    lmap:
      7.0 7 => laddr-7-0
      7.1 15 => laddr-7-1
      7.2 23 => laddr-7-2
      7.3 31 => laddr-7-3
      7.4 39 => laddr-7-4
      7.5 47 => laddr-7-5
      7.6 55 => laddr-7-6
      7.7 63 => laddr-7-7
    rmap:
      1 => raddr-1-7
    end
  proc 7.2 (global rank 23, raddr-7-2)
    lmap:
      7.0 7 => laddr-7-0
      7.1 15 => laddr-7-1
      7.2 23 => laddr-7-2
      7.3 31 => laddr-7-3
      7.4 39 => laddr-7-4
      7.5 47 => laddr-7-5
      7.6 55 => laddr-7-6
      7.7 63 => laddr-7-7
    rmap:
      2 => raddr-2-7
    end
  proc 7.3 (global rank 31, raddr-7-3)
    lmap:
      7.0 7 => laddr-7-0
      7.1 15 => laddr-7-1
      7.2 23 => laddr-7-2
      7.3 31 => laddr-7-3
      7.4 39 => laddr-7-4
      7.5 47 => laddr-7-5
      7.6 55 => laddr-7-6
      7.7 63 => laddr-7-7
    rmap:
      3 => raddr-3-7
    end
  proc 7.4 (global rank 39, raddr-7-4)
    lmap:
      7.0 7 => laddr-7-0
      7.1 15 => laddr-7-1
      7.2 23 => laddr-7-2
      7.3 31 => laddr-7-3
      7.4 39 => laddr-7-4
      7.5 47 => laddr-7-5
      7.6 55 => laddr-7-6
      7.7 63 => laddr-7-7
    rmap:
      4 => raddr-4-7
    end
  proc 7.5 (global rank 47, raddr-7-5)
    lmap:
      7.0 7 => laddr-7-0
      7.1 15 => laddr-7-1
      7.2 23 => laddr-7-2
      7.3 31 => laddr-7-3
      7.4 39 => laddr-7-4
      7.5 47 => laddr-7-5
      7.6 55 => laddr-7-6
      7.7 63 => laddr-7-7
    rmap:
      5 => raddr-5-7
    end
  proc 7.6 (global rank 55, raddr-7-6)
    lmap:
      7.0 7 => laddr-7-0
      7.1 15 => laddr-7-1
      7.2 23 => laddr-7-2
      7.3 31 => laddr-7-3
      7.4 39 => laddr-7-4
      7.5 47 => laddr-7-5
      7.6 55 => laddr-7-6
      7.7 63 => laddr-7-7
    rmap:
      6 => raddr-6-7
    end
  proc 7.7 (global rank 63, raddr-7-7)
    lmap:
      7.0 7 => laddr-7-0
      7.1 15 => laddr-7-1
      7.2 23 => laddr-7-2
      7.3 31 => laddr-7-3
      7.4 39 => laddr-7-4
      7.5 47 => laddr-7-5
      7.6 55 => laddr-7-6
      7.7 63 => laddr-7-7
    rmap:
    end
