grank2node: 0 1 2 3 0 1 2 3 0 1 2 3 0 1 2 3
node 0
  local2global: 0 4 8 12
  node2rep: 0 1 2 3
  proc 0.0 (global rank 0, raddr-0-0)
    lmap:
      0.0 0 => laddr-0-0
      0.1 4 => laddr-0-1
      0.2 8 => laddr-0-2
      0.3 12 => laddr-0-3
    rmap:
    end
  proc 0.1 (global rank 4, raddr-0-1)
    lmap:
      0.0 0 => laddr-0-0
      0.1 4 => laddr-0-1
      0.2 8 => laddr-0-2
      0.3 12 => laddr-0-3
    rmap:
      1 => raddr-1-0
    end
  proc 0.2 (global rank 8, raddr-0-2)
    lmap:
      0.0 0 => laddr-0-0
      0.1 4 => laddr-0-1
      0.2 8 => laddr-0-2
      0.3 12 => laddr-0-3
    rmap:
      2 => raddr-2-0
    end
  proc 0.3 (global rank 12, raddr-0-3)
    lmap:
      0.0 0 => laddr-0-0
      0.1 4 => laddr-0-1
      0.2 8 => laddr-0-2
      0.3 12 => laddr-0-3
    rmap:
      3 => raddr-3-0
    end
node 1
  local2global: 1 5 9 13
  node2rep: 4 5 6 7
  proc 1.0 (global rank 1, raddr-1-0)
    lmap:
      1.0 1 => laddr-1-0
      1.1 5 => laddr-1-1
      1.2 9 => laddr-1-2
      1.3 13 => laddr-1-3
    rmap:
      0 => raddr-0-1
    end
  proc 1.1 (global rank 5, raddr-1-1)
    lmap:
      1.0 1 => laddr-1-0
      1.1 5 => laddr-1-1
      1.2 9 => laddr-1-2
      1.3 13 => laddr-1-3
    rmap:
    end
  proc 1.2 (global rank 9, raddr-1-2)
    lmap:
      1.0 1 => laddr-1-0
      1.1 5 => laddr-1-1
      1.2 9 => laddr-1-2
      1.3 13 => laddr-1-3
    rmap:
      2 => raddr-2-1
    end
  proc 1.3 (global rank 13, raddr-1-3)
    lmap:
      1.0 1 => laddr-1-0
      1.1 5 => laddr-1-1
      1.2 9 => laddr-1-2
      1.3 13 => laddr-1-3
    rmap:
      3 => raddr-3-1
    end
node 2
  local2global: 2 6 10 14
  node2rep: 8 9 10 11
  proc 2.0 (global rank 2, raddr-2-0)
    lmap:
      2.0 2 => laddr-2-0
      2.1 6 => laddr-2-1
      2.2 10 => laddr-2-2
      2.3 14 => laddr-2-3
    rmap:
      0 => raddr-0-2
    end
  proc 2.1 (global rank 6, raddr-2-1)
    lmap:
      2.0 2 => laddr-2-0
      2.1 6 => laddr-2-1
      2.2 10 => laddr-2-2
      2.3 14 => laddr-2-3
    rmap:
      1 => raddr-1-2
    end
  proc 2.2 (global rank 10, raddr-2-2)
    lmap:
      2.0 2 => laddr-2-0
      2.1 6 => laddr-2-1
      2.2 10 => laddr-2-2
      2.3 14 => laddr-2-3
    rmap:
    end
  proc 2.3 (global rank 14, raddr-2-3)
    lmap:
      2.0 2 => laddr-2-0
      2.1 6 => laddr-2-1
      2.2 10 => laddr-2-2
      2.3 14 => laddr-2-3
    rmap:
      3 => raddr-3-2
    end
node 3
  local2global: 3 7 11 15
  node2rep: 12 13 14 15
  proc 3.0 (global rank 3, raddr-3-0)
    lmap:
      3.0 3 => laddr-3-0
      3.1 7 => laddr-3-1
      3.2 11 => laddr-3-2
      3.3 15 => laddr-3-3
    rmap:
      0 => raddr-0-3
    end
  proc 3.1 (global rank 7, raddr-3-1)
    lmap:
      3.0 3 => laddr-3-0
      3.1 7 => laddr-3-1
      3.2 11 => laddr-3-2
      3.3 15 => laddr-3-3
    rmap:
      1 => raddr-1-3
    end
  proc 3.2 (global rank 11, raddr-3-2)
    lmap:
      3.0 3 => laddr-3-0
      3.1 7 => laddr-3-1
      3.2 11 => laddr-3-2
      3.3 15 => laddr-3-3
    rmap:
      2 => raddr-2-3
    end
  proc 3.3 (global rank 15, raddr-3-3)
    lmap:
      3.0 3 => laddr-3-0
      3.1 7 => laddr-3-1
      3.2 11 => laddr-3-2
      3.3 15 => laddr-3-3
    rmap:
    end
